uci
isready
startpos
position startpos 
go depth 3

========== SEARCH ==========
Depth: 3
Board:
. . . . . . . . 
. . . . . . . . 
. . . . . . . . 
. . . . . . . . 
. . . . . . . . 
. . . . . . . . 
. . . . . . . . 
. . . . . . . . 
SideToMove: w
Castling: 1111
EP: -1,-1

Legal moves (0): 

ILLEGAL BESTMOVE `9`9
Legal moves:

SENDING `9`9
Engine move: `9`9
Nodes: 0
LegalMoveCalls: 5
KingCheckCalls: 0
PositionCopies: 0
============================

quit
uci
isready
position startpos

=== STARTPOS LOADED ===
r n b q k b n r 
p p p p p p p p 
. . . . . . . . 
. . . . . . . . 
. . . . . . . . 
. . . . . . . . 
P P P P P P P P 
R N B Q K B N R 
SideToMove: w
go depth 3

========== SEARCH ==========
Depth: 3
Board:
r n b q k b n r 
p p p p p p p p 
. . . . . . . . 
. . . . . . . . 
. . . . . . . . 
. . . . . . . . 
P P P P P P P P 
R N B Q K B N R 
SideToMove: w
Castling: 1111
EP: -1,-1

Legal moves (20): b1a3 b1c3 g1f3 g1h3 a2a3 a2a4 b2b3 b2b4 c2c3 c2c4 d2d3 d2d4 e2e3 e2e4 f2f3 f2f4 g2g3 g2g4 h2h3 h2h4 

SENDING b1c3
Engine move: b1c3
Nodes: 3318
LegalMoveCalls: 2989
KingCheckCalls: 68342
PositionCopies: 60
============================

