<-- uci
--> id name Avy
--> id author Avy
--> uciok
<-- isready
--> readyok
<-- position startpos moves d2d4 d7d5 c2c4 d5c4 e2e4 e7e5 g1f3 e5d4 f1c4 f8b4 b1d2 b8c6 e1g1 g8f6 e4e5 f6d5 d2b3 d5b6 c1g5 b4e7 g5e7 d8e7 c4b5 a7a6 b5c6 b7c6 b3d4 c8b7 d4f5 e7e6 f5g7 e8e7 g7e6 f7e6 d1b3 h8g8 f3d4 g8g6 b3c3 a8g8 d4c6 b7c6 c3c6 g6g2 c6g2 g8g2 g1g2 b6d5 a1d1 d5f4 g2g1 f4e2 g1h1 e2f4 d1c1 c7c5
=== POSITION STARTPOS MOVES ===
Applying move: d2d4
Applying move: d7d5
Applying move: c2c4
Applying move: d5c4
Applying move: e2e4
Applying move: e7e5
Applying move: g1f3
Applying move: e5d4
Applying move: f1c4
Applying move: f8b4
Applying move: b1d2
Applying move: b8c6
Applying move: e1g1
Applying move: g8f6
Applying move: e4e5
Applying move: f6d5
Applying move: d2b3
Applying move: d5b6
Applying move: c1g5
Applying move: b4e7
Applying move: g5e7
Applying move: d8e7
Applying move: c4b5
Applying move: a7a6
Applying move: b5c6
Applying move: b7c6
Applying move: b3d4
Applying move: c8b7
Applying move: d4f5
Applying move: e7e6
Applying move: f5g7
Applying move: e8e7
Applying move: g7e6
Applying move: f7e6
Applying move: d1b3
Applying move: h8g8
Applying move: f3d4
Applying move: g8g6
Applying move: b3c3
Applying move: a8g8
Applying move: d4c6
Applying move: b7c6
Applying move: c3c6
Applying move: g6g2
Applying move: c6g2
Applying move: g8g2
Applying move: g1g2
Applying move: b6d5
Applying move: a1d1
Applying move: d5f4
Applying move: g2g1
Applying move: f4e2
Applying move: g1h1
Applying move: e2f4
Applying move: d1c1
Applying move: c7c5
Board:
. . . . . . . . 
. . . . k . . p 
p . . . p . . . 
. . p . P . . . 
. . . . . n . . 
. . . . . . . . 
P P . . . P . P 
. . R . . R . K 
SideToMove: w
Castling: 0000
EP: 2,2

<-- go depth 3
========== SEARCH ==========
Depth: 3
Board:
. . . . . . . . 
. . . . k . . p 
p . . . p . . . 
. . p . P . . . 
. . . . . n . . 
. . . . . . . . 
P P . . . P . P 
. . R . . R . K 
SideToMove: w
Castling: 0000
EP: 2,2

Legal moves (19): a2a3 a2a4 b2b3 b2b4 f2f3 h2h3 h2h4 h1g1 c1c2 c1c3 c1c4 c1c5 c1d1 c1e1 c1b1 c1a1 f1g1 f1e1 f1d1 

Bestmove candidate: c1c5
Bestmove is legal: c1c5
Engine move: c1c5
Time: 20 ms
NPS: 192500
Nodes: 3850
LegalMoveCalls: 3576
KingCheckCalls: 68020
PositionCopies: 57
AllMoveCalls: 3576
--> bestmove c1c5
============================
<-- position startpos moves d2d4 d7d5 c2c4 d5c4 e2e4 e7e5 g1f3 e5d4 f1c4 f8b4 b1d2 b8c6 e1g1 g8f6 e4e5 f6d5 d2b3 d5b6 c1g5 b4e7 g5e7 d8e7 c4b5 a7a6 b5c6 b7c6 b3d4 c8b7 d4f5 e7e6 f5g7 e8e7 g7e6 f7e6 d1b3 h8g8 f3d4 g8g6 b3c3 a8g8 d4c6 b7c6 c3c6 g6g2 c6g2 g8g2 g1g2 b6d5 a1d1 d5f4 g2g1 f4e2 g1h1 e2f4 d1c1 c7c5 c1c5
=== POSITION STARTPOS MOVES ===
Applying move: d2d4
Applying move: d7d5
Applying move: c2c4
Applying move: d5c4
Applying move: e2e4
Applying move: e7e5
Applying move: g1f3
Applying move: e5d4
Applying move: f1c4
Applying move: f8b4
Applying move: b1d2
Applying move: b8c6
Applying move: e1g1
Applying move: g8f6
Applying move: e4e5
Applying move: f6d5
Applying move: d2b3
Applying move: d5b6
Applying move: c1g5
Applying move: b4e7
Applying move: g5e7
Applying move: d8e7
Applying move: c4b5
Applying move: a7a6
Applying move: b5c6
Applying move: b7c6
Applying move: b3d4
Applying move: c8b7
Applying move: d4f5
Applying move: e7e6
Applying move: f5g7
Applying move: e8e7
Applying move: g7e6
Applying move: f7e6
Applying move: d1b3
Applying move: h8g8
Applying move: f3d4
Applying move: g8g6
Applying move: b3c3
Applying move: a8g8
Applying move: d4c6
Applying move: b7c6
Applying move: c3c6
Applying move: g6g2
Applying move: c6g2
Applying move: g8g2
Applying move: g1g2
Applying move: b6d5
Applying move: a1d1
Applying move: d5f4
Applying move: g2g1
Applying move: f4e2
Applying move: g1h1
Applying move: e2f4
Applying move: d1c1
Applying move: c7c5
Applying move: c1c5
Board:
. . . . . . . . 
. . . . k . . p 
p . . . p . . . 
. . R . P . . . 
. . . . . n . . 
. . . . . . . . 
P P . . . P . P 
. . . . . R . K 
SideToMove: b
Castling: 0000
EP: -1,-1

<-- go depth 3
========== SEARCH ==========
Depth: 3
Board:
. . . . . . . . 
. . . . k . . p 
p . . . p . . . 
. . R . P . . . 
. . . . . n . . 
. . . . . . . . 
P P . . . P . P 
. . . . . R . K 
SideToMove: b
Castling: 0000
EP: -1,-1

Legal moves (15): f4d5 f4d3 f4h5 f4h3 f4g6 f4e2 f4g2 h7h6 h7h5 a6a5 e7d8 e7e8 e7f8 e7d7 e7f7 

Bestmove candidate: f4d3
Bestmove is legal: f4d3
Engine move: f4d3
Time: 27 ms
NPS: 176000
Nodes: 4752
LegalMoveCalls: 8050
KingCheckCalls: 166990
PositionCopies: 102
AllMoveCalls: 8050
--> bestmove f4d3
============================
