uci
position startpos
go depth 3
SENDING b1c3
quit
position startpos
go depth 4
SENDING g1f3
go depth 7
position startpos
go depth 5
SENDING e2e4
quit
position startpos
go depth 6
SENDING b1c3
quit
position startpos

go depth 5
SENDING e2e4
quit
position startpos
go depth 5
SENDING e2e4
quit
position startpos
go depth 5
SENDING e2e4
quir
quit
position startpos
go depth 5
SENDING e2e4
quit
position startpos
go depth 5
SENDING g1f3
quit
position startpos
go depth 4
SENDING g1f3
go depth 5
SENDING g1f3
position startpos
go depth 5
SENDING g1f3
position startpos
go depth 6
SENDING d2d4
quit
position startpos
go depth 6
SENDING d2d4
quit
position startpos
go depth 6
SENDING b1c3

quit
position startpos
go depth 5
SENDING b1c3
quit
position startpos
go depth 6
SENDING b1c3
quit
position startpos
go depth 6
SENDING b1c3
quit
position startpos
go depth 6
SENDING b1c3
quit
position startpos
go depth 6
SENDING b1c3
quit
position startpos
go depth 5
SENDING b1c3
quit
position startpos
go depth 5
SENDING b1c3
quit
position startpos
go depth 5
SENDING b1c3
quit
position startpos
go depth 5
SENDING b1c3
quit
position startpos
go depth 5
SENDING b1c3
quit
position startpos
go depth 5
SENDING b1c3
quit
position startpos
go depth 5
SENDING b1c3
quit
position startpos
go depth 5
SENDING b1c3
quit
position startpos
go depth 5
SENDING b1c3
quit
position startpos
go depth 3
SENDING a2a3
quit
position startpos
go depth 1
SENDING b1c3
quit
position startpos
go depth 2
SENDING g1f3
quit
position startpos
go depth 5
SENDING g1f3
quit
position startpos
go depth 6
SENDING g1f3
quit
quit
go depth 6
ILLEGAL BESTMOVE `9`9
Legal moves:

SENDING `9`9
position startpos
go depth 6
SENDING f2f3
quit
position startpos
go depth 6
SENDING g1f3
quit
position startpos
go depth 6
SENDING f2f3
quit
position startpos
go depth 6
SENDING h2h4
quit
position startpos
go depth 6
SENDING g1f3
quit
position startpos moves e2e4 c7c5 g1f3 d7d6 d2d4 c5d4 f3d4 g8f6 b1c3 a7a6
quit
position startpos moves e2e4 c7c5 g1f3 d7d6 d2d4 c5d4 f3d4 g8f6 b1c3 a7a6
quit
position startpos moves e2e4 c7c5 g1f3 d7d6 d2d4 c5d4 f3d4 g8f6 b1c3 a7a6
quit
position startpos moves e2e4 c7c5 g1f3 d7d6 d2d4 c5d4 f3d4 g8f6 b1c3 a7a6
quit
position startpos moves e2e4 c7c5 g1f3 d7d6 d2d4 c5d4 f3d4 g8f6 b1c3 a7a6 c1e3 e7e5 d4b3 c8e6 f2f4 e5f4 e3f4 b8c6 d1d2 d6d5 e4d5
quit
position startpos moves e2e4 c7c5 g1f3 d7d6 d2d4 c5d4 f3d4 g8f6 b1c3 a7a6 c1e3 e7e5 d4b3 c8e6 f2f4 e5f4 e3f4 b8c6 d1d2 d6d5 e4d5
quit
position startpos
go depth 4
SENDING b1c3
quit
position startpos

=== POSITION STARTPOS ===
position startpos
go depth 3
SENDING g1f3
position startpos

=== POSITION STARTPOS ===
position startpos
go depth 4
SENDING b2b4
quit
position startpos

=== POSITION STARTPOS ===
position startpos
go depth 4
SENDING b2b4
quit
position startpos

=== POSITION STARTPOS ===
position startpos
go depth 4
SENDING b2b4
position startpos

=== POSITION STARTPOS ===
position startpos
go depth 5
SENDING b2b4
quit
position startpos

=== POSITION STARTPOS ===
position startpos
go depth 3
SENDING g1f3
position startpos

=== POSITION STARTPOS ===
position startpos
go depth 4
SENDING b2b4
quit
position startpos

=== POSITION STARTPOS ===
position startpos
go depth 4
SENDING b2b4
quit
position startpos

=== POSITION STARTPOS ===
position startpos
go depth 3
SENDING g1f3
go depth 4
SENDING g1f3
go depth 5
SENDING d2d4
quit
position fen 8/8/8/4pP2/8/8/8/8 w - f6 0 1

=== POSITION FEN ===
position fen 8/8/8/4pP2/8/8/8/8 w - f6 0 1
go depth 4
SENDING f5f6
quit
position startpos

=== POSITION STARTPOS ===
position startpos
go depth 5
SENDING a2a4
quit
position startpos

=== POSITION STARTPOS ===
position startpos
go depth 4
SENDING g1f3
quit
position startpos

=== POSITION STARTPOS ===
position startpos
go depth 6
SENDING a2a4
quit
position startpos

=== POSITION STARTPOS ===
position startpos

go depth 4
SENDING g1f3
position startpos

=== POSITION STARTPOS ===
position startpos
go depth 5
SENDING d2d4
quit
position startpos

=== POSITION STARTPOS ===
position startpos
go depth 5
SENDING f2f4
quit
position startpos

=== POSITION STARTPOS ===
position startpos
go depth 4
SENDING b1c3
quit
position startpos

=== POSITION STARTPOS ===
position startpos
go depth 5
SENDING c2c4
quit
position startpos

=== POSITION STARTPOS ===
position startpos
go depth 1
SENDING g1f3
position startpos

=== POSITION STARTPOS ===
position startpos
go depth 2
SENDING g1f3
position startpos

=== POSITION STARTPOS ===
position startpos
go depth 3
SENDING g1f3
position startpos

=== POSITION STARTPOS ===
position startpos
go depth 4
SENDING g1f3
position startpos

=== POSITION STARTPOS ===
position startpos
go depth 4
SENDING b1c3
position startpos

=== POSITION STARTPOS ===
position startpos
go depth 5
SENDING f2f4
position startpos

=== POSITION STARTPOS ===
position startpos
go depth 6
SENDING g1f3
quit
position fen rnbqk2r/pppp1ppp/4p3/8/8/5N2/PPPPPPPP/RNBQKB1R w KQkq - 0 4

=== POSITION FEN ===
position fen rnbqk2r/pppp1ppp/4p3/8/8/5N2/PPPPPPPP/RNBQKB1R w KQkq - 0 4
go depth 6
position fen rnbqk2r/pppp1ppp/4p3/8/8/5N2/PPPPPPPP/RNBQKB1R w KQkq - 0 4

=== POSITION FEN ===
position fen rnbqk2r/pppp1ppp/4p3/8/8/5N2/PPPPPPPP/RNBQKB1R w KQkq - 0 4
go depth 4
SENDING h2h4
quit
position startpos moves e2e4 e7e5 g1f3 b8c6 f1c4 f8c5 d2d3 g8f6 e1g1

=== POSITION STARTPOS MOVES ===
position startpos moves e2e4 e7e5 g1f3 b8c6 f1c4 f8c5 d2d3 g8f6 e1g1
quit
position startpos moves e2e4 e7e5 g1f3 b8c6 f1c4 f8c5 d2d3 g8f6

=== POSITION STARTPOS MOVES ===
position startpos moves e2e4 e7e5 g1f3 b8c6 f1c4 f8c5 d2d3 g8f6
position startpos moves e2e4 e7e5 g1f3 b8c6 f1c4 f8c5 d2d3 g8f6 e1g1

=== POSITION STARTPOS MOVES ===
position startpos moves e2e4 e7e5 g1f3 b8c6 f1c4 f8c5 d2d3 g8f6 e1g1
quit
position startpos moves e2e4 e7e5 g1f3 b8c6 f1c4 f8c5 d2d3 g8f6 e1f1

=== POSITION STARTPOS MOVES ===
position startpos moves e2e4 e7e5 g1f3 b8c6 f1c4 f8c5 d2d3 g8f6 e1f1
quit
position fen r1bqkb1r/pppp1ppp/2n2n2/4p3/2B1P3/5N2/PPPP1PPP/RNBQK2R w KQkq - 4 4

=== POSITION FEN ===
position fen r1bqkb1r/pppp1ppp/2n2n2/4p3/2B1P3/5N2/PPPP1PPP/RNBQK2R w KQkq - 4 4
go depth 5
SENDING b1c3
quit
position fen r1bqk2r/pppp1ppp/2n2n2/4p3/2B1P3/3P1N2/PPP2PPP/RNBQK2R w KQkq - 0 5

=== POSITION FEN ===
position fen r1bqk2r/pppp1ppp/2n2n2/4p3/2B1P3/3P1N2/PPP2PPP/RNBQK2R w KQkq - 0 5
go depth 4
SENDING b1c3
quit
SENDING e2e3
quit
position fen r3k2r/8/8/8/8/8/8/R3K2R w KQkq - 0 1

=== POSITION FEN ===
position fen r3k2r/8/8/8/8/8/8/R3K2R w KQkq - 0 1
go depth 3
SENDING a1a8
quit
quit
position fen r3k2r/8/8/8/8/8/8/R3K2R w KQkq - 0 1

=== POSITION FEN ===
position fen r3k2r/8/8/8/8/8/8/R3K2R w KQkq - 0 1
go depth 3
SENDING a1a8
quit
position fen r3k2r/8/8/8/8/8/8/R3K2R w KQkq - 0 1

=== POSITION FEN ===
position fen r3k2r/8/8/8/8/8/8/R3K2R w KQkq - 0 1
go depth 1
SENDING h1h8
quit
position fen 4k3/8/8/8/8/8/8/R3K2R w KQ - 0 1

=== POSITION FEN ===
position fen 4k3/8/8/8/8/8/8/R3K2R w KQ - 0 1

go depth 1
SENDING e1c1
position fen 4k3/8/8/8/8/8/8/4K2R w K - 0 1

=== POSITION FEN ===
position fen 4k3/8/8/8/8/8/8/4K2R w K - 0 1
go depth 1
SENDING e1f1
quit
position fen 4k3/8/8/8/8/8/8/4K2R w K - 0 1

=== POSITION FEN ===
position fen 4k3/8/8/8/8/8/8/4K2R w K - 0 1
go depth 1
SENDING e1f1
quit
position fen 4k3/8/8/8/8/8/8/4K2R w K - 0 1

=== POSITION FEN ===
position fen 4k3/8/8/8/8/8/8/4K2R w K - 0 1
go depth 1
SENDING e1f1
quit
position fen 4k3/8/8/8/8/8/8/4K2R w K - 0 1

=== POSITION FEN ===
position fen 4k3/8/8/8/8/8/8/4K2R w K - 0 1
quit
position fen 4k3/8/8/8/8/8/8/4K2R w K - 0 1

=== POSITION FEN ===
position fen 4k3/8/8/8/8/8/8/4K2R w K - 0 1
go depth 1
SENDING e1f1
quit
position fen 4k3/8/8/8/8/8/8/4K2R w K - 0 1

=== POSITION FEN ===
position fen 4k3/8/8/8/8/8/8/4K2R w K - 0 1
go depth 1
SENDING e1f1
quit
position fen 4k3/8/8/8/8/8/8/4K2R w K - 0 1

=== POSITION FEN ===
position fen 4k3/8/8/8/8/8/8/4K2R w K - 0 1
go depth 1
SENDING e1f1
quit
position fen 4k3/8/8/8/8/8/8/4K2R w K - 0 1

=== POSITION FEN ===
position fen 4k3/8/8/8/8/8/8/4K2R w K - 0 1
go depth 3
SENDING h1h8
quit
position fen r3k2r/pppppppp/8/8/8/8/PPPPPPPP/R3K2R w KQkq - 0 1

=== POSITION FEN ===
position fen r3k2r/pppppppp/8/8/8/8/PPPPPPPP/R3K2R w KQkq - 0 1
go depth 1
SENDING e1c1
quit
position fen r3k2r/pppppppp/8/8/8/8/PPPPPPPP/4K2R w KQkq - 0 1

=== POSITION FEN ===
position fen r3k2r/pppppppp/8/8/8/8/PPPPPPPP/4K2R w KQkq - 0 1
go depth 1
SENDING e1f1
quit
position fen r3k2r/pppppppp/8/8/8/8/PPPPPPPP/4K2R w KQkq - 0 1

=== POSITION FEN ===
position fen r3k2r/pppppppp/8/8/8/8/PPPPPPPP/4K2R w KQkq - 0 1
go depth 1
SENDING e1f1
quit
position fen r3k2r/pppppppp/8/8/8/8/PPPPPPPP/4K2R w KQkq - 0 1

=== POSITION FEN ===
position fen r3k2r/pppppppp/8/8/8/8/PPPPPPPP/4K2R w KQkq - 0 1
go depth 1
SENDING e1f1
quit
position startpos

=== POSITION STARTPOS ===
position startpos
perft 1
quit
position startpos

=== POSITION STARTPOS ===
position startpos
perft 0
perft 1
perft 2
quit
position startpos

=== POSITION STARTPOS ===
position startpos
perft 0
position startpos

=== POSITION STARTPOS ===
position startpos
perft 1
position startpos

=== POSITION STARTPOS ===
position startpos
perft 2
position startpos

=== POSITION STARTPOS ===
position startpos
perft 3
position startpos

=== POSITION STARTPOS ===
position startpos
perft 4
position startpos

=== POSITION STARTPOS ===
position startpos
perft 5
quit
position startpos

=== POSITION STARTPOS ===
position startpos
divide 1
position startpos

=== POSITION STARTPOS ===
position startpos
divide 2
position startpos

=== POSITION STARTPOS ===
position startpos
divide 3
position startpos

=== POSITION STARTPOS ===
position startpos
divide 4
position startpos

=== POSITION STARTPOS ===
position startpos
divide 5
quit
position fen r3k2r/p1ppqpb1/bn2pnp1/2P5/1p2P3/2N2N2/PP1PBPPP/R2QKB1R w KQkq - 0 1

=== POSITION FEN ===
position fen r3k2r/p1ppqpb1/bn2pnp1/2P5/1p2P3/2N2N2/PP1PBPPP/R2QKB1R w KQkq - 0 1
perft 1
position fen r3k2r/p1ppqpb1/bn2pnp1/2P5/1p2P3/2N2N2/PP1PBPPP/R2QKB1R w KQkq - 0 1

=== POSITION FEN ===
position fen r3k2r/p1ppqpb1/bn2pnp1/2P5/1p2P3/2N2N2/PP1PBPPP/R2QKB1R w KQkq - 0 1
perft 2
position fen r3k2r/p1ppqpb1/bn2pnp1/2P5/1p2P3/2N2N2/PP1PBPPP/R2QKB1R w KQkq - 0 1

=== POSITION FEN ===
position fen r3k2r/p1ppqpb1/bn2pnp1/2P5/1p2P3/2N2N2/PP1PBPPP/R2QKB1R w KQkq - 0 1
perft 3
position fen r3k2r/p1ppqpb1/bn2pnp1/2P5/1p2P3/2N2N2/PP1PBPPP/R2QKB1R w KQkq - 0 1

=== POSITION FEN ===
position fen r3k2r/p1ppqpb1/bn2pnp1/2P5/1p2P3/2N2N2/PP1PBPPP/R2QKB1R w KQkq - 0 1
perft 4
quit
position fen r3k2r/p1ppqpb1/bn2pnp1/2P5/1p2P3/2N2N2/PP1PBPPP/R3K2R w KQkq - 0 1

=== POSITION FEN ===
position fen r3k2r/p1ppqpb1/bn2pnp1/2P5/1p2P3/2N2N2/PP1PBPPP/R3K2R w KQkq - 0 1
perft 1
position fen r3k2r/p1ppqpb1/bn2pnp1/2P5/1p2P3/2N2N2/PP1PBPPP/R3K2R w KQkq - 0 1

=== POSITION FEN ===
position fen r3k2r/p1ppqpb1/bn2pnp1/2P5/1p2P3/2N2N2/PP1PBPPP/R3K2R w KQkq - 0 1
perft 2
position fen r3k2r/p1ppqpb1/bn2pnp1/2P5/1p2P3/2N2N2/PP1PBPPP/R3K2R w KQkq - 0 1

=== POSITION FEN ===
position fen r3k2r/p1ppqpb1/bn2pnp1/2P5/1p2P3/2N2N2/PP1PBPPP/R3K2R w KQkq - 0 1
perft 3
position fen r3k2r/p1ppqpb1/bn2pnp1/2P5/1p2P3/2N2N2/PP1PBPPP/R3K2R w KQkq - 0 1

=== POSITION FEN ===
position fen r3k2r/p1ppqpb1/bn2pnp1/2P5/1p2P3/2N2N2/PP1PBPPP/R3K2R w KQkq - 0 1
perft 4
quit
position fen r3k2r/p1ppqpb1/bn2pnp1/2P5/1p2P3/2N2N2/PP1PBPPP/R3K2R w KQkq - 0 1

=== POSITION FEN ===
position fen r3k2r/p1ppqpb1/bn2pnp1/2P5/1p2P3/2N2N2/PP1PBPPP/R3K2R w KQkq - 0 1
divide 1
quit
r3k2r/p1ppqpb1/bn2pnp1/3PN3/1p2P3/2N2Q1p/PPPBBPPP/R3K2R w KQkq - 0 1
quit
position fen r3k2r/p1ppqpb1/bn2pnp1/3PN3/1p2P3/2N2Q1p/PPPBBPPP/R3K2R w KQkq - 0 1

=== POSITION FEN ===
position fen r3k2r/p1ppqpb1/bn2pnp1/3PN3/1p2P3/2N2Q1p/PPPBBPPP/R3K2R w KQkq - 0 1
perft 1
position fen r3k2r/p1ppqpb1/bn2pnp1/3PN3/1p2P3/2N2Q1p/PPPBBPPP/R3K2R w KQkq - 0 1

=== POSITION FEN ===
position fen r3k2r/p1ppqpb1/bn2pnp1/3PN3/1p2P3/2N2Q1p/PPPBBPPP/R3K2R w KQkq - 0 1
perft 2
position fen r3k2r/p1ppqpb1/bn2pnp1/3PN3/1p2P3/2N2Q1p/PPPBBPPP/R3K2R w KQkq - 0 1

=== POSITION FEN ===
position fen r3k2r/p1ppqpb1/bn2pnp1/3PN3/1p2P3/2N2Q1p/PPPBBPPP/R3K2R w KQkq - 0 1
perft 3
position fen r3k2r/p1ppqpb1/bn2pnp1/3PN3/1p2P3/2N2Q1p/PPPBBPPP/R3K2R w KQkq - 0 1

=== POSITION FEN ===
position fen r3k2r/p1ppqpb1/bn2pnp1/3PN3/1p2P3/2N2Q1p/PPPBBPPP/R3K2R w KQkq - 0 1
perft 4
position fen r3k2r/p1ppqpb1/bn2pnp1/3PN3/1p2P3/2N2Q1p/PPPBBPPP/R3K2R w KQkq - 0 1

=== POSITION FEN ===
position fen r3k2r/p1ppqpb1/bn2pnp1/3PN3/1p2P3/2N2Q1p/PPPBBPPP/R3K2R w KQkq - 0 1
divide 1
position fen r3k2r/p1ppqpb1/bn2pnp1/3PN3/1p2P3/2N2Q1p/PPPBBPPP/R3K2R w KQkq - 0 1

=== POSITION FEN ===
position fen r3k2r/p1ppqpb1/bn2pnp1/3PN3/1p2P3/2N2Q1p/PPPBBPPP/R3K2R w KQkq - 0 1
divide 2
quit
position fen r3k2r/p1ppqpb1/bn2pnp1/2pP4/1p2P3/2N2N2/PPPB1PPP/R2QKB1R w KQkq - 0 1

=== POSITION FEN ===
position fen r3k2r/p1ppqpb1/bn2pnp1/2pP4/1p2P3/2N2N2/PPPB1PPP/R2QKB1R w KQkq - 0 1
perft 1
position fen r3k2r/p1ppqpb1/bn2pnp1/2pP4/1p2P3/2N2N2/PPPB1PPP/R2QKB1R w KQkq - 0 1

=== POSITION FEN ===
position fen r3k2r/p1ppqpb1/bn2pnp1/2pP4/1p2P3/2N2N2/PPPB1PPP/R2QKB1R w KQkq - 0 1
perft 2
position fen r3k2r/p1ppqpb1/bn2pnp1/2pP4/1p2P3/2N2N2/PPPB1PPP/R2QKB1R w KQkq - 0 1

=== POSITION FEN ===
position fen r3k2r/p1ppqpb1/bn2pnp1/2pP4/1p2P3/2N2N2/PPPB1PPP/R2QKB1R w KQkq - 0 1
perft 3
position fen r3k2r/p1ppqpb1/bn2pnp1/2pP4/1p2P3/2N2N2/PPPB1PPP/R2QKB1R w KQkq - 0 1

=== POSITION FEN ===
position fen r3k2r/p1ppqpb1/bn2pnp1/2pP4/1p2P3/2N2N2/PPPB1PPP/R2QKB1R w KQkq - 0 1
perft 4
quit
position fen 7k/8/8/3pP3/8/8/8/K7 w - d6 0 1

=== POSITION FEN ===
position fen 7k/8/8/3pP3/8/8/8/K7 w - d6 0 1
divide 1
position fen 7k/8/8/8/3Pp3/8/8/K7 b - d3 0 1

=== POSITION FEN ===
position fen 7k/8/8/8/3Pp3/8/8/K7 b - d3 0 1
divide 1
position fen 7k/P7/8/8/8/8/8/K7 w - - 0 1

=== POSITION FEN ===
position fen 7k/P7/8/8/8/8/8/K7 w - - 0 1
divide 1
position fen 7k/8/8/8/8/8/p7/K7 b - - 0 1

=== POSITION FEN ===
position fen 7k/8/8/8/8/8/p7/K7 b - - 0 1
divide 1
quit
position fen 7k/8/8/8/8/8/p7/7K b - - 0 1

=== POSITION FEN ===
position fen 7k/8/8/8/8/8/p7/7K b - - 0 1
divide 1
quit
position fen r3k2r/8/8/8/8/8/8/R3K2R w KQkq - 0 1

=== POSITION FEN ===
position fen r3k2r/8/8/8/8/8/8/R3K2R w KQkq - 0 1
divide 1
position fen r3k2r/8/8/8/8/8/8/R3K2R b KQkq - 0 1

=== POSITION FEN ===
position fen r3k2r/8/8/8/8/8/8/R3K2R b KQkq - 0 1
divide 1
position fen r3k2r/8/8/8/8/8/5r2/R3K2R w KQkq - 0 1

=== POSITION FEN ===
position fen r3k2r/8/8/8/8/8/5r2/R3K2R w KQkq - 0 1
divide 1
quit
quit
perfttest
quit
position startpos moves
e2e4 d7d5
e4d5 d8d5
b1c3 d5d8
d2d4 g8f6
g1f3 c8g4
h2h3 g4f3
d1f3 c7c6
c1e3 e7e6
a2a3 b8d7
e1c1 d7b6
f1d3 b6d5
c3d5 e6d5
f3g3 d8d7
g3e5 f8e7
e3f5 d7d6
e5d6 e7d6
b2b4 e8g8
f2f4 f6e4
h1e1
go depth 1
ILLEGAL BESTMOVE `9`9
Legal moves:

SENDING `9`9
quit
position startpos moves
e2e4 d7d5
e4d5 d8d5
b1c3 d5d8
d2d4 g8f6
g1f3 c8g4
h2h3 g4f3
d1f3 c7c6
c1e3 e7e6
a2a3 b8d7
e1c1 d7b6
f1d3 b6d5
c3d5 e6d5
f3g3 d8d7
g3e5 f8e7
e3f5 d7d6
e5d6 e7d6
b2b4 e8g8
f2f4 f6e4
h1e1
go depth 1
ILLEGAL BESTMOVE `9`9
Legal moves:

SENDING `9`9
position startpos moves
e2e4 d7d5
e4d5 d8d5
b1c3 d5d8
d2d4 g8f6
g1f3 c8g4
h2h3 g4f3
d1f3 c7c6
c1e3 e7e6
a2a3 b8d7
e1c1 d7b6
f1d3 b6d5
c3d5 e6d5
f3g3 d8d7
g3e5 f8e7
e3f5 d7d6
e5d6 e7d6
b2b4 e8g8
f2f4 f6e4
h1e1
go depth 1
ILLEGAL BESTMOVE `9`9
Legal moves:

SENDING `9`9
quit
position startpos moves
e2e4 d7d5
e4d5 d8d5
b1c3 d5d8
d2d4 g8f6
g1f3 c8g4
h2h3 g4f3
d1f3 c7c6
c1e3 e7e6
a2a3 b8d7
e1c1 d7b6
f1d3 b6d5
c3d5 e6d5
f3g3 d8d7
g3e5 f8e7
e3f5 d7d6
e5d6 e7d6
b2b4 e8g8
f2f4 f6e4
h1e1
go depth 1
ILLEGAL BESTMOVE `9`9
Legal moves:

SENDING `9`9
quit
position startpos moves
e2e4 d7d5
e4d5 d8d5
b1c3 d5d8
d2d4 g8f6
g1f3 c8g4
h2h3 g4f3
d1f3 c7c6
c1e3 e7e6
a2a3 b8d7
e1c1 d7b6
f1d3 b6d5
c3d5 e6d5
f3g3 d8d7
g3e5 f8e7
e3f5 d7d6
e5d6 e7d6
b2b4 e8g8
f2f4 f6e4
h1e1
go depth 1
ILLEGAL BESTMOVE `9`9
Legal moves:

SENDING `9`9
position startpos

=== POSITION STARTPOS ===
position startpos
go depth 1
SENDING d2d4
position startpos moves e2e4 d7d5

=== POSITION STARTPOS MOVES ===
position startpos moves e2e4 d7d5
go depth 1
SENDING e4d5
position startpos moves e2e4 d7d5 e4d5 d8d5 b1c3 d5d8 d2d4 g8f6 g1f3 c8g4 h2h3 g4f3 d1f3 c7c6 c1e3 e7e6 a2a3 b8d7 e1c1 d7b6 f1d3 b6d5 c3d5 e6d5 f3g3 d8d7 g3e5 f8e7 e3f5 d7d6 e5d6 e7d6 b2b4 e8g8 f2f4 f6e4 h1e1

=== POSITION STARTPOS MOVES ===
position startpos moves e2e4 d7d5 e4d5 d8d5 b1c3 d5d8 d2d4 g8f6 g1f3 c8g4 h2h3 g4f3 d1f3 c7c6 c1e3 e7e6 a2a3 b8d7 e1c1 d7b6 f1d3 b6d5 c3d5 e6d5 f3g3 d8d7 g3e5 f8e7 e3f5 d7d6 e5d6 e7d6 b2b4 e8g8 f2f4 f6e4 h1e1
FAILED TO APPLY: e3f5
Legal moves were:
a3a4 h3h4 b2b3 b2b4 c2c3 c2c4 f2f3 f2f4 g2g3 g2g4 c1d2 c1b1 d3c4 d3b5 d3a6 d3e4 d3f5 d3g6 d3h7 d3e2 d3f1 e3f4 e3g5 e3h6 e3d2 d1d2 d1e1 d1f1 d1g1 h1h2 h1g1 h1f1 h1e1 e5e6 e5e7 e5f5 e5g5 e5h5 e5e4 e5d5 e5d6 e5c7 e5b8 e5f6 e5f4 e5g3 e5h2 
FAILED TO APPLY: d7d6
Legal moves were:
a3a4 h3h4 b2b3 b2b4 c2c3 c2c4 f2f3 f2f4 g2g3 g2g4 c1d2 c1b1 d3c4 d3b5 d3a6 d3e4 d3f5 d3g6 d3h7 d3e2 d3f1 e3f4 e3g5 e3h6 e3d2 d1d2 d1e1 d1f1 d1g1 h1h2 h1g1 h1f1 h1e1 e5e6 e5e7 e5f5 e5g5 e5h5 e5e4 e5d5 e5d6 e5c7 e5b8 e5f6 e5f4 e5g3 e5h2 
go depth 1
SENDING a8e8
position startpos moves e2e4 d7d5 e4d5 d8d5 b1c3 d5d8 d2d4 g8f6 g1f3 c8g4 h2h3 g4f3 d1f3 c7c6 c1e3 e7e6 a2a3 b8d7 e1c1 d7b6 f1d3 b6d5 c3d5 e6d5 f3g3 d8d7 g3e5 f8e7 e3f5 d7d6 e5d6 e7d6 b2b4 e8g8 f2f4 f6e4 h1e1

=== POSITION STARTPOS MOVES ===
position startpos moves e2e4 d7d5 e4d5 d8d5 b1c3 d5d8 d2d4 g8f6 g1f3 c8g4 h2h3 g4f3 d1f3 c7c6 c1e3 e7e6 a2a3 b8d7 e1c1 d7b6 f1d3 b6d5 c3d5 e6d5 f3g3 d8d7 g3e5 f8e7 e3f5 d7d6 e5d6 e7d6 b2b4 e8g8 f2f4 f6e4 h1e1
FAILED TO APPLY: e3f5
Legal moves were:
a3a4 h3h4 b2b3 b2b4 c2c3 c2c4 f2f3 f2f4 g2g3 g2g4 c1d2 c1b1 d3c4 d3b5 d3a6 d3e4 d3f5 d3g6 d3h7 d3e2 d3f1 e3f4 e3g5 e3h6 e3d2 d1d2 d1e1 d1f1 d1g1 h1h2 h1g1 h1f1 h1e1 e5e6 e5e7 e5f5 e5g5 e5h5 e5e4 e5d5 e5d6 e5c7 e5b8 e5f6 e5f4 e5g3 e5h2 
FAILED TO APPLY: d7d6
Legal moves were:
a3a4 h3h4 b2b3 b2b4 c2c3 c2c4 f2f3 f2f4 g2g3 g2g4 c1d2 c1b1 d3c4 d3b5 d3a6 d3e4 d3f5 d3g6 d3h7 d3e2 d3f1 e3f4 e3g5 e3h6 e3d2 d1d2 d1e1 d1f1 d1g1 h1h2 h1g1 h1f1 h1e1 e5e6 e5e7 e5f5 e5g5 e5h5 e5e4 e5d5 e5d6 e5c7 e5b8 e5f6 e5f4 e5g3 e5h2 
go depth 4
SENDING a7a5
quit
